// Jest Snapshot v1, https://goo.gl/fbAQLP

exports[`components/Layout/Footer renders 1`] = `
<footer>
  <div
    className="footer__top"
  />
  <div
    className="footer__main"
  >
    <div
      className="footer__inner footer__grid"
    >
      <div
        className="footer__author"
      >
        Hanna Söderström 
        <br />
        info@hannasoderstrom.com
      </div>
      <ul>
        <li>
          <TextLink
            url="https://github.com/gothbarbie/"
          >
            <Icon
              isBrand={true}
              marginRight={true}
              name="github"
              size="lg"
            />
            @gothbarbie84
          </TextLink>
        </li>
      </ul>
    </div>
  </div>
</footer>
`;
