// Jest Snapshot v1, https://goo.gl/fbAQLP

exports[`views/Schedule renders 1`] = `
<section
  className="schedule"
>
  <H1>
    January
  </H1>
  <nav
    className="time-nav"
  >
    <Link
      replace={false}
      to="/"
    >
      <Icon
        marginRight={true}
        name="arrow-circle-left"
        size="3x"
      />
      December 2017
    </Link>
    <Link
      replace={false}
      to="/"
    >
      February
      <Icon
        marginLeft={true}
        name="arrow-circle-right"
        size="3x"
      />
    </Link>
  </nav>
  <section
    className="calendar"
  >
    <header
      className="calendar__header"
    >
      <span>
        Monday
      </span>
      <span>
        Tuesday
      </span>
      <span>
        Wednesday
      </span>
      <span>
        Thursday
      </span>
      <span>
        Friday
      </span>
      <span>
        Saturday
      </span>
      <span>
        Sunday
      </span>
    </header>
    <main
      className="calendar__days"
    >
      <Component
        date={1}
        occupied={true}
        status="Arrival"
      />
      <Component
        date={2}
        occupied={true}
        status="Occupied"
      />
      <Component
        date={3}
        occupied={true}
        status="Occupied"
      />
      <Component
        date={4}
        occupied={true}
        status="Occupied"
      />
      <Component
        date={5}
        occupied={true}
        status="Occupied"
      />
      <Component
        date={6}
        occupied={true}
        status="Occupied"
        weekend={true}
      />
      <Component
        date={7}
        occupied={true}
        status="Departure"
        weekend={true}
      />
      <Component
        date={8}
      />
      <Component
        date={9}
      />
      <Component
        date={10}
      />
      <Component
        date={11}
      />
      <Component
        date={12}
      />
      <Component
        date={13}
        weekend={true}
      />
      <Component
        date={14}
        weekend={true}
      />
      <Component
        date={15}
      />
      <Component
        date={16}
      />
      <Component
        date={17}
      />
      <Component
        date={18}
      />
      <Component
        date={19}
      />
      <Component
        date={20}
        weekend={true}
      />
      <Component
        date={21}
        weekend={true}
      />
      <Component
        date={22}
      />
      <Component
        date={23}
      />
      <Component
        date={24}
      />
      <Component
        date={25}
      />
      <Component
        date={26}
      />
      <Component
        date={27}
        weekend={true}
      />
      <Component
        date={28}
        weekend={true}
      />
      <Component
        date={29}
      />
      <Component
        date={30}
      />
      <Component
        empty={true}
      />
      <Component
        empty={true}
      />
      <Component
        empty={true}
      />
      <Component
        empty={true}
      />
      <Component
        empty={true}
      />
    </main>
  </section>
  <Component>
    <H3>
      Content
    </H3>
    <Component
      label="Test"
      name="test"
      placeholder="placeholder"
    />
  </Component>
</section>
`;
