// Jest Snapshot v1, https://goo.gl/fbAQLP

exports[`views/Schedule renders 1`] = `
<section
  className="schedule"
>
  <H1>
    Schedule
  </H1>
  <nav
    className="time-nav"
  >
    <Link
      replace={false}
      to="/"
    >
      <Icon
        marginRight={true}
        name="arrow-circle-left"
        size="3x"
      />
      February
    </Link>
    <span
      className="time-nav__current-month"
    >
      March 2018
    </span>
    <Link
      replace={false}
      to="/"
    >
      April
      <Icon
        marginLeft={true}
        name="arrow-circle-right"
        size="3x"
      />
    </Link>
  </nav>
  <section
    className="calendar"
  >
    <header
      className="calendar__header"
    >
      <span>
        Monday
      </span>
      <span>
        Tuesday
      </span>
      <span>
        Wednesday
      </span>
      <span>
        Thursday
      </span>
      <span>
        Friday
      </span>
      <span>
        Saturday
      </span>
      <span>
        Sunday
      </span>
    </header>
    <main
      className="calendar__days"
    >
      <Day
        date={null}
        empty={true}
        key="day-0"
        occupied={false}
        status=""
        weekend={false}
      />
      <Day
        date={null}
        empty={true}
        key="day-1"
        occupied={false}
        status=""
        weekend={false}
      />
      <Day
        date={null}
        empty={true}
        key="day-2"
        occupied={false}
        status=""
        weekend={false}
      />
      <Day
        date={1}
        empty={false}
        key="day-3"
        occupied={false}
        status=""
        today={false}
        weekend={false}
      />
      <Day
        date={2}
        empty={false}
        key="day-4"
        occupied={false}
        status=""
        today={false}
        weekend={false}
      />
      <Day
        date={3}
        empty={false}
        key="day-5"
        occupied={false}
        status=""
        today={false}
        weekend={true}
      />
      <Day
        date={4}
        empty={false}
        key="day-6"
        occupied={false}
        status=""
        today={false}
        weekend={true}
      />
      <Day
        date={5}
        empty={false}
        key="day-7"
        occupied={false}
        status=""
        today={false}
        weekend={false}
      />
      <Day
        date={6}
        empty={false}
        key="day-8"
        occupied={false}
        status=""
        today={false}
        weekend={false}
      />
      <Day
        date={7}
        empty={false}
        key="day-9"
        occupied={false}
        status=""
        today={false}
        weekend={false}
      />
      <Day
        date={8}
        empty={false}
        key="day-10"
        occupied={false}
        status=""
        today={false}
        weekend={false}
      />
      <Day
        date={9}
        empty={false}
        key="day-11"
        occupied={false}
        status=""
        today={false}
        weekend={false}
      />
      <Day
        date={10}
        empty={false}
        key="day-12"
        occupied={false}
        status=""
        today={false}
        weekend={true}
      />
      <Day
        date={11}
        empty={false}
        key="day-13"
        occupied={false}
        status=""
        today={false}
        weekend={true}
      />
      <Day
        date={12}
        empty={false}
        key="day-14"
        occupied={false}
        status=""
        today={false}
        weekend={false}
      />
      <Day
        date={13}
        empty={false}
        key="day-15"
        occupied={false}
        status=""
        today={false}
        weekend={false}
      />
      <Day
        date={14}
        empty={false}
        key="day-16"
        occupied={false}
        status=""
        today={false}
        weekend={false}
      />
      <Day
        date={15}
        empty={false}
        key="day-17"
        occupied={false}
        status=""
        today={true}
        weekend={false}
      />
      <Day
        date={16}
        empty={false}
        key="day-18"
        occupied={false}
        status=""
        today={false}
        weekend={false}
      />
      <Day
        date={17}
        empty={false}
        key="day-19"
        occupied={false}
        status=""
        today={false}
        weekend={true}
      />
      <Day
        date={18}
        empty={false}
        key="day-20"
        occupied={false}
        status=""
        today={false}
        weekend={true}
      />
      <Day
        date={19}
        empty={false}
        key="day-21"
        occupied={false}
        status=""
        today={false}
        weekend={false}
      />
      <Day
        date={20}
        empty={false}
        key="day-22"
        occupied={false}
        status=""
        today={false}
        weekend={false}
      />
      <Day
        date={21}
        empty={false}
        key="day-23"
        occupied={false}
        status=""
        today={false}
        weekend={false}
      />
      <Day
        date={22}
        empty={false}
        key="day-24"
        occupied={false}
        status=""
        today={false}
        weekend={false}
      />
      <Day
        date={23}
        empty={false}
        key="day-25"
        occupied={false}
        status=""
        today={false}
        weekend={false}
      />
      <Day
        date={24}
        empty={false}
        key="day-26"
        occupied={false}
        status=""
        today={false}
        weekend={true}
      />
      <Day
        date={25}
        empty={false}
        key="day-27"
        occupied={false}
        status=""
        today={false}
        weekend={true}
      />
      <Day
        date={26}
        empty={false}
        key="day-28"
        occupied={false}
        status=""
        today={false}
        weekend={false}
      />
      <Day
        date={27}
        empty={false}
        key="day-29"
        occupied={false}
        status=""
        today={false}
        weekend={false}
      />
      <Day
        date={28}
        empty={false}
        key="day-30"
        occupied={false}
        status=""
        today={false}
        weekend={false}
      />
      <Day
        date={29}
        empty={false}
        key="day-31"
        occupied={false}
        status=""
        today={false}
        weekend={false}
      />
      <Day
        date={30}
        empty={false}
        key="day-32"
        occupied={false}
        status=""
        today={false}
        weekend={false}
      />
      <Day
        date={null}
        empty={true}
        key="day-33"
        occupied={false}
        status=""
        weekend={false}
      />
      <Day
        date={null}
        empty={true}
        key="day-34"
        occupied={false}
        status=""
        weekend={false}
      />
    </main>
  </section>
  <div
    className="schedule__inner"
  >
    <Form
      onSubmit={[Function]}
      submitText="Add"
      title="New Trip"
    >
      <H3>
        Time Period
      </H3>
      <div
        className="register__columns"
      >
        <Input
          handleBlur={[Function]}
          handleChange={[Function]}
          label="Arrival"
          name="arrival"
          placeholder="YYYY-MM-DD"
          type="date"
          value=""
        />
        <Input
          handleBlur={[Function]}
          handleChange={[Function]}
          label="Departure"
          name="departure"
          placeholder="YYYY-MM-DD"
          type="date"
          value=""
        />
      </div>
      <H3>
        Participants
      </H3>
      <div
        className="register__columns"
      >
        <FormCheckbox
          checked={false}
          key="participant-0"
          label="Folke"
          name="Folke"
          onChange={[Function]}
        />
        <FormCheckbox
          checked={false}
          key="participant-1"
          label="Carina"
          name="Carina"
          onChange={[Function]}
        />
      </div>
    </Form>
  </div>
</section>
`;
