// Jest Snapshot v1, https://goo.gl/fbAQLP

exports[`views/Schedule renders 1`] = `
<section
  className="schedule"
>
  <H1>
    January
  </H1>
  <nav
    className="time-nav"
  >
    <Link
      replace={false}
      to="/"
    >
      <Icon
        marginRight={true}
        name="arrow-circle-left"
        size="3x"
      />
      December 2017
    </Link>
    <Link
      replace={false}
      to="/"
    >
      February
      <Icon
        marginLeft={true}
        name="arrow-circle-right"
        size="3x"
      />
    </Link>
  </nav>
  <section
    className="calendar"
  >
    <header
      className="calendar__header"
    >
      <span>
        Monday
      </span>
      <span>
        Tuesday
      </span>
      <span>
        Wednesday
      </span>
      <span>
        Thursday
      </span>
      <span>
        Friday
      </span>
      <span>
        Saturday
      </span>
      <span>
        Sunday
      </span>
    </header>
    <main
      className="calendar__days"
    >
      <Day
        date={1}
        empty={false}
        key="day-0"
        occupied={true}
        status="Arrival"
        weekend={true}
      />
    </main>
  </section>
  <div
    className="schedule__inner"
  >
    <Form
      submitText="Add"
      title="New Trip"
    >
      <H3>
        Time Period
      </H3>
      <div
        className="register__columns"
      >
        <Input
          label="Arrival"
          name="arrival"
          placeholder="YYYY-MM-DD"
          type="date"
        />
        <Input
          label="Departure"
          name="departure"
          placeholder="YYYY-MM-DD"
          type="date"
        />
      </div>
      <H3>
        Participants
      </H3>
      <div
        className="register__columns"
      >
        <FormCheckbox
          checked={true}
          key="participant-0"
          label="Folke"
          name="Folke"
          onChange={[Function]}
        />
        <FormCheckbox
          checked={true}
          key="participant-1"
          label="Carina"
          name="Carina"
          onChange={[Function]}
        />
      </div>
    </Form>
  </div>
</section>
`;
