// Jest Snapshot v1, https://goo.gl/fbAQLP

exports[`views/Login renders 1`] = `
<section
  className="login"
>
  <H1>
    Login
  </H1>
  <div
    className="login__inner"
  >
    <div
      className="login__email"
    >
      <Notice>
        First time here? 
        <Link
          replace={false}
          to="register"
        >
           Please register
        </Link>
         
        first...
      </Notice>
      <Component
        onSubmit={[Function]}
        title="Enter your credentials"
      >
        <div
          className="login__columns"
        >
          <Input
            handleBlur={[Function]}
            handleChange={[Function]}
            label="E-mail"
            name="email"
            type="email"
            value=""
          />
          <Input
            handleBlur={[Function]}
            handleChange={[Function]}
            label="Password"
            name="password"
            type="password"
            value=""
          />
        </div>
      </Component>
    </div>
    <div
      className="login__or"
    >
      Or...
    </div>
    <div
      className="login__google"
    >
      <Component
        secondary={true}
        url="/auth/google"
      >
        <Icon
          isBrand={true}
          marginRight={true}
          name="google-plus"
        />
        Login with Google
      </Component>
    </div>
  </div>
</section>
`;
