// Jest Snapshot v1, https://goo.gl/fbAQLP

exports[`views/Register renders 1`] = `
<section
  className="register"
>
  <H1>
    New User
  </H1>
  <div
    className="register__inner"
  >
    <div
      className="register__email"
    >
      <Component
        onSubmit={[Function]}
        title="Enter your credentials"
      >
        <div
          className="register__columns"
        >
          <Input
            handleBlur={[Function]}
            handleChange={[Function]}
            label="First Name"
            name="firstName"
            value=""
          />
          <Input
            handleBlur={[Function]}
            handleChange={[Function]}
            label="Family Name"
            name="lastName"
            value=""
          />
          <Input
            handleBlur={[Function]}
            handleChange={[Function]}
            label="E-mail"
            name="email"
            required={true}
            type="email"
            value=""
          />
          <Input
            handleBlur={[Function]}
            handleChange={[Function]}
            label="Password"
            name="password"
            required={true}
            type="password"
            value=""
          />
          <Input
            handleBlur={[Function]}
            handleChange={[Function]}
            label="Confirm Password"
            name="passwordConfirm"
            required={true}
            type="password"
            value=""
          />
        </div>
      </Component>
    </div>
    <div
      className="register__or"
    >
      Or...
    </div>
    <div
      className="register__google"
    >
      <Component
        secondary={true}
        url="/auth/google"
      >
        <Icon
          isBrand={true}
          marginRight={true}
          name="google-plus"
        />
        Register with Google
      </Component>
    </div>
  </div>
</section>
`;
