// Jest Snapshot v1, https://goo.gl/fbAQLP

exports[`views/Register renders 1`] = `
<styled.section>
  <H1>
    New User
  </H1>
  <styled.div>
    <div
      className="register__email"
    >
      <Form
        enableSubmit={false}
        onSubmit={[Function]}
        title="Enter your credentials"
      >
        <div
          className="register__columns"
        >
          <Input
            handleBlur={[Function]}
            handleChange={[Function]}
            label="First Name"
            name="firstName"
            required={true}
            value=""
          />
          <Input
            handleBlur={[Function]}
            handleChange={[Function]}
            label="Family Name"
            name="lastName"
            required={true}
            value=""
          />
          <Input
            handleBlur={[Function]}
            handleChange={[Function]}
            label="E-mail"
            name="email"
            required={true}
            type="email"
            value=""
          />
          <Input
            handleBlur={[Function]}
            handleChange={[Function]}
            label="Password"
            name="password"
            required={true}
            type="password"
            value=""
          />
          <Input
            handleBlur={[Function]}
            handleChange={[Function]}
            label="Confirm Password"
            name="passwordConfirm"
            required={true}
            type="password"
            value=""
          />
        </div>
      </Form>
    </div>
    <div
      className="register__or"
    >
      Or...
    </div>
    <div
      className="register__google"
    >
      <ButtonLink
        secondary={true}
        url="/auth/register/google"
      >
        <Icon
          isBrand={true}
          marginRight={true}
          name="google-plus"
        />
        Register with Google
      </ButtonLink>
    </div>
  </styled.div>
</styled.section>
`;
